<?xml version="1.0" encoding="utf-8"?><testsuites><testsuite name="pytest" errors="0" failures="0" skipped="0" tests="3" time="0.095" timestamp="2025-05-28T15:06:26.292427" hostname="LENOVO"><testcase classname="tests.test_math_utils" name="test_add_positive_numbers" time="0.002" /><testcase classname="tests.test_math_utils" name="test_add_negative_numbers" time="0.001" /><testcase classname="tests.test_math_utils" name="test_add_zero" time="0.001" /></testsuite></testsuites>